---
source: tests/integration.rs
assertion_line: 650
expression: result
---
{
  "min_lines": 1,
  "results": [
    {
      "file": "service.ts",
      "kind": "File",
      "line_count": 9,
      "lines": "1-9",
      "name": "[path]",
      "qn": "[path]",
      "relative_path": "service.ts",
      "sig": ""
    },
    {
      "file": "main.py",
      "kind": "File",
      "line_count": 8,
      "lines": "1-8",
      "name": "[path]",
      "qn": "[path]",
      "relative_path": "main.py",
      "sig": ""
    },
    {
      "file": "utils.py",
      "kind": "File",
      "line_count": 7,
      "lines": "1-7",
      "name": "[path]",
      "qn": "[path]",
      "relative_path": "utils.py",
      "sig": ""
    },
    {
      "file": "utils.py",
      "kind": "Function",
      "line_count": 2,
      "lines": "2-3",
      "name": "add",
      "qn": "[path]",
      "relative_path": "utils.py",
      "sig": "(a, b)"
    },
    {
      "file": "service.ts",
      "kind": "Function",
      "line_count": 3,
      "lines": "6-8",
      "name": "farewell",
      "qn": "[path]",
      "relative_path": "service.ts",
      "sig": "(name: string) -> : string"
    },
    {
      "file": "service.ts",
      "kind": "Function",
      "line_count": 3,
      "lines": "2-4",
      "name": "greet",
      "qn": "[path]",
      "relative_path": "service.ts",
      "sig": "(name: string) -> : string"
    },
    {
      "file": "main.py",
      "kind": "Function",
      "line_count": 4,
      "lines": "4-7",
      "name": "run",
      "qn": "[path]",
      "relative_path": "main.py",
      "sig": "()"
    },
    {
      "file": "utils.py",
      "kind": "Function",
      "line_count": 2,
      "lines": "5-6",
      "name": "subtract",
      "qn": "[path]",
      "relative_path": "utils.py",
      "sig": "(a, b)"
    }
  ],
  "status": "ok",
  "summary": "[summary]",
  "total_found": 8
}
