---
source: tests/integration.rs
assertion_line: 673
expression: result
---
{
  "algorithm": "personalized_pagerank",
  "changed_files": [
    "utils.py"
  ],
  "changed_nodes": [
    {
      "file": "[path]",
      "kind": "File",
      "lines": "1-7",
      "name": "[path]",
      "qn": "[path]",
      "sig": ""
    },
    {
      "file": "[path]",
      "kind": "Function",
      "lines": "2-3",
      "name": "add",
      "qn": "[path]",
      "sig": "(a, b)"
    },
    {
      "file": "[path]",
      "kind": "Function",
      "lines": "5-6",
      "name": "subtract",
      "qn": "[path]",
      "sig": "(a, b)"
    }
  ],
  "edges": [
    {
      "file_path": "[path]",
      "kind": "CONTAINS",
      "line": 0,
      "source_qualified": "[path]",
      "target_qualified": "[path]"
    },
    {
      "file_path": "[path]",
      "kind": "CONTAINS",
      "line": 0,
      "source_qualified": "[path]",
      "target_qualified": "[path]"
    }
  ],
  "impact_scores": [],
  "impacted_files": [],
  "impacted_nodes": [],
  "status": "ok",
  "summary": "[summary]",
  "total_impacted": 0,
  "truncated": false
}
