---
source: tests/integration.rs
assertion_line: 633
expression: result
---
{
  "description": "Find all nodes contained in a file or class",
  "edges": [],
  "pattern": "children_of",
  "results": [
    {
      "body_hash": "8f75a68646c879fd0cff5c02708c010fb1c01d67ef9930d4e419106feb7897aa",
      "docstring": "",
      "file_path": "[path]",
      "is_test": false,
      "kind": "Function",
      "language": "python",
      "line_end": 3,
      "line_start": 2,
      "name": "add",
      "qualified_name": "[path]",
      "signature": "(a, b)"
    },
    {
      "body_hash": "58503bef65c62ed04279dcca0a154139c1e574aea5c321413eec60cab10e3e76",
      "docstring": "",
      "file_path": "[path]",
      "is_test": false,
      "kind": "Function",
      "language": "python",
      "line_end": 6,
      "line_start": 5,
      "name": "subtract",
      "qualified_name": "[path]",
      "signature": "(a, b)"
    }
  ],
  "results_truncated": false,
  "status": "ok",
  "summary": "[summary]",
  "target": "[path]",
  "total_results": 2
}
